type octile
height 49
width 49
map
TTTTTTTTTTTTTTTTTTTTTTTTTTTTTTTTTTTTTTTTTTTTTTTTT
TTT............................................TT
TT.............................................TT
T...............................................T
T...............................................T
T...............................................T
T...............................................T
T...............................................T
T...............................................T
T...............................................T
T...............................................T
T...............................................T
T...............................................T
T...............................................T
T...............................................T
TTT............................................TT
TTT............................................TT
TTT............................................TT
TT.............................................TT
TT..............................................T
TT..............................................T
TT..............................................T
TTTTTTTTTTTT.TTTTTTTTTTTT.TTTTTTTTTTT.TTTTTTTTTTT
TTTTTTTTTTTT.TTTTTTTTTTTT.TTTTTTTTTTT.TTTTTTTTTTT
TTTTTTTTTTTT.TTTTTTTTTTTT.TTTTTTTTTTT.TTTTTTTTTTT
TTTTTTTTTTTT.TTTTTTTTTTTT.TTTTTTTTTTT.TTTTTTTTTTT
TTTTTTTTTTTT.TTTTTTTTTTTT.TTTTTTTTTTT.TTTTTTTTTTT
TTT.............................................T
TTT.............................................T
TTT.............................................T
T...............................................T
TTT............................................TT
TTT............................................TT
TTT............................................TT
TT.............................................TT
T...............................................T
T...............................................T
T...............................................T
T...............................................T
T...............................................T
T...............................................T
T...............................................T
T...............................................T
T...............................................T
T...............................................T
T...............................................T
T...................TTT...TTT...................T
TTT............TTTT.TTTT..TTTT.TTTT............TT
TTTTTTTTTTTTTTTTTTTTTTTTTTTTTTTTTTTTTTTTTTTTTTTTT
